
  EPA STORM WATER MANAGEMENT MODEL - VERSION 5.2 (Build 5.2.4)
  PYSWMM TOOLKIT API - VERSION v1.0 (2026-02-26)
  ------------------------------------------------------------

  
  ****************
  Analysis Options
  ****************
  Flow Units ............... CMS
  Process Models:
    Rainfall/Runoff ........ NO
    RDII ................... NO
    Snowmelt ............... NO
    Groundwater ............ NO
    Flow Routing ........... YES
    Ponding Allowed ........ YES
    Water Quality .......... NO
  Flow Routing Method ...... DYNWAVE
  Surcharge Method ......... EXTRAN
  Starting Date ............ 09/05/2026 00:00:00
  Ending Date .............. 09/05/2026 03:00:00
  Antecedent Dry Days ...... 0.0
  Report Time Step ......... 00:01:00
  Routing Time Step ........ 10.00 sec
  Variable Time Step ....... YES
  Maximum Trials ........... 8
  Number of Threads ........ 1
  Head Tolerance ........... 0.001500 m
  
  
  **************************        Volume        Volume
  Flow Routing Continuity        hectare-m      10^6 ltr
  **************************     ---------     ---------
  Dry Weather Inflow .......         0.000         0.000
  Wet Weather Inflow .......         0.000         0.000
  Groundwater Inflow .......         0.000         0.000
  RDII Inflow ..............         0.000         0.000
  External Inflow ..........         1.583        15.834
  External Outflow .........         1.530        15.302
  Flooding Loss ............         0.000         0.000
  Evaporation Loss .........         0.000         0.000
  Exfiltration Loss ........         0.000         0.000
  Initial Stored Volume ....         0.000         0.000
  Final Stored Volume ......         0.051         0.508
  Continuity Error (%) .....         0.155
  
  
  *************************
  Highest Continuity Errors
  *************************
  Node N16 (3.45%)
  Node N15 (2.97%)
  Node N18 (1.51%)
  
  
  ***************************
  Time-Step Critical Elements
  ***************************
  Link C26 (3.74%)
  Link C22 (1.25%)
  Link C17 (1.16%)
  Link C27 (1.16%)
  
  
  ********************************
  Highest Flow Instability Indexes
  ********************************
  Link C17 (24)
  Link C15 (15)
  Link C11 (10)
  Link C22 (10)
  Link C14 (10)
  
  
  *********************************
  Most Frequent Nonconverging Nodes
  *********************************
  Node N20 (9.45%)
  Node N14 (2.94%)
  Node N17 (2.14%)
  Node N15 (1.52%)
  Node N10 (1.34%)
  
  
  *************************
  Routing Time Step Summary
  *************************
  Minimum Time Step           :     0.83 sec
  Average Time Step           :     9.63 sec
  Maximum Time Step           :    10.00 sec
  % of Time in Steady State   :     0.00
  Average Iterations per Step :     4.48
  % of Steps Not Converging   :     9.45
  Time Step Frequencies       :
     10.000 -  5.493 sec      :    96.61 %
      5.493 -  3.017 sec      :     2.68 %
      3.017 -  1.657 sec      :     0.45 %
      1.657 -  0.910 sec      :     0.18 %
      0.910 -  0.500 sec      :     0.09 %
  
  
  ******************
  Node Depth Summary
  ******************
  
  ---------------------------------------------------------------------------------
                                 Average  Maximum  Maximum  Time of Max    Reported
                                   Depth    Depth      HGL   Occurrence   Max Depth
  Node                 Type       Meters   Meters   Meters  days hr:min      Meters
  ---------------------------------------------------------------------------------
  N1                   JUNCTION     0.19     0.31    50.31     0  01:00        0.31
  N2                   JUNCTION     0.17     0.28    50.28     0  01:00        0.28
  N3                   JUNCTION     0.19     0.31    50.31     0  01:00        0.31
  N4                   JUNCTION     0.29     0.79    49.39     0  01:38        0.79
  N5                   JUNCTION     0.28     0.79    49.39     0  01:38        0.79
  N6                   JUNCTION     0.27     0.75    49.35     0  01:38        0.75
  N7                   JUNCTION     0.30     0.83    49.43     0  01:36        0.83
  N8                   JUNCTION     0.95     2.19    49.39     0  01:38        2.19
  N9                   JUNCTION     0.90     2.17    49.37     0  01:38        2.17
  N10                  JUNCTION     0.85     2.14    49.34     0  01:38        2.14
  N11                  JUNCTION     1.88     3.57    49.37     0  01:38        3.57
  N12                  JUNCTION     1.85     3.56    49.36     0  01:39        3.56
  N13                  JUNCTION     1.87     3.55    49.35     0  01:38        3.55
  N14                  JUNCTION     0.72     1.75    47.55     0  01:39        1.75
  N15                  JUNCTION     3.03     4.96    49.36     0  01:39        4.96
  N16                  JUNCTION     3.02     4.95    49.35     0  01:39        4.95
  N17                  JUNCTION     0.57     1.37    45.77     0  01:41        1.37
  N18                  JUNCTION     4.25     6.33    49.33     0  01:39        6.33
  N19                  JUNCTION     1.57     3.04    44.64     0  01:43        3.04
  N20                  OUTFALL      0.56     0.75    40.75     0  00:54        0.75
  
  
  *******************
  Node Inflow Summary
  *******************
  
  -------------------------------------------------------------------------------------------------
                                  Maximum  Maximum                  Lateral       Total        Flow
                                  Lateral    Total  Time of Max      Inflow      Inflow     Balance
                                   Inflow   Inflow   Occurrence      Volume      Volume       Error
  Node                 Type           CMS      CMS  days hr:min    10^6 ltr    10^6 ltr     Percent
  -------------------------------------------------------------------------------------------------
  N1                   JUNCTION     1.299    1.299     0  01:00        5.97        5.97      -0.011
  N2                   JUNCTION     0.999    0.999     0  01:00        4.59        4.59      -0.016
  N3                   JUNCTION     1.149    1.149     0  01:00        5.28        5.28      -0.008
  N4                   JUNCTION     0.000    0.735     0  01:00           0        3.34       0.002
  N5                   JUNCTION     0.000    1.119     0  01:00           0        5.41       0.008
  N6                   JUNCTION     0.000    1.202     0  01:22           0        5.72      -0.003
  N7                   JUNCTION     0.000    0.519     0  01:00           0         2.4       0.015
  N8                   JUNCTION     0.000    1.268     0  01:00           0        4.72       0.070
  N9                   JUNCTION     0.000    1.125     0  01:12           0        5.42       0.012
  N10                  JUNCTION     0.000    1.615     0  00:58           0        9.25       0.025
  N11                  JUNCTION     0.000    1.267     0  01:02           0        4.47       0.056
  N12                  JUNCTION     0.000    0.818     0  01:03           0        2.96       0.165
  N13                  JUNCTION     0.000    0.860     0  02:08           0        3.69       0.176
  N14                  JUNCTION     0.000    1.494     0  01:10           0        8.59       0.017
  N15                  JUNCTION     0.000    1.239     0  00:50           0        5.18       3.063
  N16                  JUNCTION     0.000    0.906     0  00:48           0         3.4       3.574
  N17                  JUNCTION     0.000    1.493     0  01:10           0        8.59      -0.007
  N18                  JUNCTION     0.000    1.330     0  00:36           0        6.96       1.532
  N19                  JUNCTION     0.000    2.204     0  01:35           0        15.3       0.172
  N20                  OUTFALL      0.000    2.196     0  01:44           0        15.3       0.000
  
  
  **********************
  Node Surcharge Summary
  **********************
  
  Surcharging occurs when water rises above the top of the highest conduit.
  ---------------------------------------------------------------------
                                               Max. Height   Min. Depth
                                   Hours       Above Crown    Below Rim
  Node                 Type      Surcharged         Meters       Meters
  ---------------------------------------------------------------------
  N7                   JUNCTION        0.12          0.010        1.373
  N8                   JUNCTION        1.17          0.907        0.009
  N9                   JUNCTION        1.17          1.017        0.033
  N10                  JUNCTION        1.02          0.919        0.064
  N11                  JUNCTION        1.87          2.354        0.000
  N12                  JUNCTION        1.89          2.410        0.000
  N13                  JUNCTION        2.00          2.531        0.000
  N14                  JUNCTION        1.21          1.000        0.450
  N15                  JUNCTION        2.40          3.743        0.000
  N16                  JUNCTION        2.42          3.868        0.000
  N17                  JUNCTION        1.02          0.551        0.833
  N18                  JUNCTION        2.61          5.251        0.000
  N19                  JUNCTION        1.53          2.222        0.000
  
  
  *********************
  Node Flooding Summary
  *********************
  
  Flooding refers to all water that overflows a node, whether it ponds or not.
  --------------------------------------------------------------------------
                                                             Total   Maximum
                                 Maximum   Time of Max       Flood    Ponded
                        Hours       Rate    Occurrence      Volume     Depth
  Node                 Flooded       CMS   days hr:min    10^6 ltr    Meters
  --------------------------------------------------------------------------
  N11                     1.42     0.245      0  01:02       0.227     1.371
  N12                     1.40     0.269      0  00:58       0.250     1.360
  N13                     1.35     0.248      0  01:00       0.232     1.347
  N15                     2.10     0.499      0  00:49       0.510     2.760
  N16                     2.10     0.545      0  00:44       0.482     2.751
  N18                     2.47     0.696      0  00:36       0.697     4.134
  N19                     1.45     0.115      0  00:58       0.136     0.839
  
  
  ***********************
  Outfall Loading Summary
  ***********************
  
  -----------------------------------------------------------
                         Flow       Avg       Max       Total
                         Freq      Flow      Flow      Volume
  Outfall Node           Pcnt       CMS       CMS    10^6 ltr
  -----------------------------------------------------------
  N20                   97.33     1.461     2.196      15.302
  -----------------------------------------------------------
  System                97.33     1.461     2.196      15.302
  
  
  ********************
  Link Flow Summary
  ********************
  
  -----------------------------------------------------------------------------
                                 Maximum  Time of Max   Maximum    Max/    Max/
                                  |Flow|   Occurrence   |Veloc|    Full    Full
  Link                 Type          CMS  days hr:min     m/sec    Flow   Depth
  -----------------------------------------------------------------------------
  C1                   CONDUIT     0.735     0  01:00      2.92    0.12    0.39
  C2                   CONDUIT     0.564     0  01:00      2.92    0.23    0.55
  C3                   CONDUIT     0.555     0  01:00      2.67    0.12    0.42
  C4                   CONDUIT     0.443     0  01:00      2.62    0.22    0.55
  C5                   CONDUIT     0.630     0  01:00      3.03    0.18    0.46
  C6                   CONDUIT     0.519     0  01:00      2.72    0.31    0.66
  C7                   CONDUIT     0.734     0  01:00      2.13    0.13    0.81
  C8                   CONDUIT     0.534     0  01:00      1.88    0.18    0.89
  C9                   CONDUIT     1.009     0  01:17      2.53    0.24    0.84
  C10                  CONDUIT     0.489     0  01:00      2.43    0.20    0.90
  C11                  CONDUIT     1.126     0  01:21      2.39    0.24    0.81
  C12                  CONDUIT     0.518     0  01:00      2.65    0.39    1.00
  C13                  CONDUIT     1.267     0  01:02      2.96    0.36    1.00
  C14                  CONDUIT     0.678     0  01:12      2.63    0.16    1.00
  C15                  CONDUIT     0.451     0  01:12      1.66    0.27    1.00
  C16                  CONDUIT     1.012     0  02:07      1.74    0.34    1.00
  C17                  CONDUIT     1.494     0  01:10      3.38    1.13    1.00
  C18                  CONDUIT     1.083     0  01:03      2.13    0.23    1.00
  C19                  CONDUIT     0.353     0  00:46      0.77    0.14    1.00
  C20                  CONDUIT     0.593     0  01:04      0.75    0.17    1.00
  C21                  CONDUIT     0.769     0  00:47      2.21    0.46    1.00
  C22                  CONDUIT     1.493     0  01:10      3.75    1.13    1.00
  C23                  CONDUIT     0.779     0  00:51      1.41    0.22    1.00
  C24                  CONDUIT     0.633     0  00:36      1.27    0.31    1.00
  C25                  CONDUIT     1.489     0  01:35      2.93    0.64    1.00
  C26                  CONDUIT     0.774     0  00:52      4.37    1.99    1.00
  C27                  CONDUIT     2.196     0  01:44      4.97    1.56    1.00
  
  
  ***************************
  Flow Classification Summary
  ***************************
  
  -------------------------------------------------------------------------------------
                      Adjusted    ---------- Fraction of Time in Flow Class ---------- 
                       /Actual         Up    Down  Sub   Sup   Up    Down  Norm  Inlet 
  Conduit               Length    Dry  Dry   Dry   Crit  Crit  Crit  Crit  Ltd   Ctrl  
  -------------------------------------------------------------------------------------
  C1                      1.00   0.00  0.00  0.00  0.23  0.77  0.00  0.00  0.67  0.00
  C2                      1.00   0.00  0.00  0.00  0.24  0.76  0.00  0.00  0.38  0.00
  C3                      1.00   0.00  0.00  0.00  0.25  0.75  0.00  0.00  0.93  0.00
  C4                      1.00   0.00  0.00  0.00  0.26  0.74  0.00  0.00  0.77  0.00
  C5                      1.00   0.00  0.00  0.00  0.22  0.78  0.00  0.00  0.34  0.00
  C6                      1.00   0.00  0.00  0.00  0.25  0.75  0.00  0.00  0.90  0.00
  C7                      1.00   0.00  0.00  0.00  0.57  0.43  0.00  0.00  0.66  0.00
  C8                      1.00   0.00  0.00  0.00  0.59  0.41  0.00  0.00  0.64  0.00
  C9                      1.00   0.00  0.00  0.00  0.56  0.44  0.00  0.00  0.58  0.00
  C10                     1.00   0.00  0.00  0.00  0.56  0.44  0.00  0.00  0.63  0.00
  C11                     1.00   0.00  0.00  0.00  0.56  0.44  0.00  0.00  0.70  0.00
  C12                     1.00   0.00  0.00  0.00  0.56  0.44  0.00  0.00  0.43  0.00
  C13                     1.00   0.00  0.00  0.00  0.78  0.22  0.00  0.00  0.22  0.00
  C14                     1.00   0.00  0.00  0.00  0.79  0.20  0.00  0.00  0.22  0.00
  C15                     1.00   0.00  0.00  0.00  0.79  0.21  0.00  0.00  0.37  0.00
  C16                     1.00   0.00  0.00  0.00  0.79  0.21  0.00  0.00  0.37  0.00
  C17                     1.00   0.00  0.00  0.00  0.45  0.55  0.00  0.00  0.38  0.00
  C18                     1.00   0.00  0.00  0.00  0.86  0.13  0.00  0.00  0.16  0.00
  C19                     1.00   0.00  0.00  0.00  0.98  0.02  0.00  0.00  0.18  0.00
  C20                     1.00   0.00  0.00  0.00  0.97  0.02  0.00  0.00  0.17  0.00
  C21                     1.00   0.00  0.00  0.00  0.86  0.13  0.00  0.00  0.14  0.00
  C22                     1.00   0.00  0.00  0.00  0.40  0.59  0.00  0.00  0.07  0.00
  C23                     1.00   0.00  0.00  0.00  0.95  0.04  0.00  0.00  0.08  0.00
  C24                     1.00   0.00  0.00  0.00  0.96  0.04  0.00  0.00  0.08  0.00
  C25                     1.00   0.01  0.00  0.00  0.88  0.11  0.00  0.00  0.47  0.00
  C26                     1.00   0.01  0.00  0.00  0.63  0.36  0.00  0.00  0.00  0.00
  C27                     1.00   0.01  0.00  0.00  0.53  0.46  0.00  0.00  0.17  0.00
  
  
  *************************
  Conduit Surcharge Summary
  *************************
  
  ----------------------------------------------------------------------------
                                                           Hours        Hours 
                         --------- Hours Full --------   Above Full   Capacity
  Conduit                Both Ends  Upstream  Dnstream   Normal Flow   Limited
  ----------------------------------------------------------------------------
  C6                          0.01      0.01      0.12      0.01         0.01
  C7                          0.01      0.01      1.17      0.01         0.01
  C8                          0.01      0.01      1.32      0.01         0.01
  C9                          0.01      0.01      1.17      0.01         0.01
  C10                         0.01      0.01      1.30      0.01         0.01
  C11                         0.01      0.01      1.02      0.01         0.01
  C12                         0.33      0.33      1.30      0.01         0.01
  C13                         1.28      1.28      1.93      0.01         0.01
  C14                         1.17      1.17      1.89      0.01         0.01
  C15                         1.39      1.39      2.11      0.01         0.01
  C16                         1.15      1.15      2.00      0.01         0.01
  C17                         1.21      1.30      1.21      1.37         1.21
  C18                         1.87      1.87      2.40      0.01         0.01
  C19                         2.01      2.01      2.44      0.01         0.01
  C20                         1.94      1.94      2.42      0.01         0.01
  C21                         2.11      2.11      2.47      0.01         0.01
  C22                         1.06      1.21      1.06      1.37         1.06
  C23                         2.42      2.42      2.61      0.01         0.01
  C24                         2.46      2.46      2.63      0.01         0.01
  C25                         1.02      1.02      1.53      0.01         0.01
  C26                         1.79      2.69      1.79      2.72         1.79
  C27                         1.49      1.55      1.49      1.59         1.49
  

  Analysis begun on:  Sat Sep  5 19:29:33 2026
  Analysis ended on:  Sat Sep  5 19:29:33 2026
  Total elapsed time: < 1 sec