
  EPA STORM WATER MANAGEMENT MODEL - VERSION 5.2 (Build 5.2.4)
  PYSWMM TOOLKIT API - VERSION v1.0 (2026-02-26)
  ------------------------------------------------------------

  
  ****************
  Analysis Options
  ****************
  Flow Units ............... CMS
  Process Models:
    Rainfall/Runoff ........ NO
    RDII ................... NO
    Snowmelt ............... NO
    Groundwater ............ NO
    Flow Routing ........... YES
    Ponding Allowed ........ YES
    Water Quality .......... NO
  Flow Routing Method ...... DYNWAVE
  Surcharge Method ......... EXTRAN
  Starting Date ............ 09/05/2026 00:00:00
  Ending Date .............. 09/05/2026 03:00:00
  Antecedent Dry Days ...... 0.0
  Report Time Step ......... 00:01:00
  Routing Time Step ........ 10.00 sec
  Variable Time Step ....... YES
  Maximum Trials ........... 8
  Number of Threads ........ 1
  Head Tolerance ........... 0.001500 m
  
  
  **************************        Volume        Volume
  Flow Routing Continuity        hectare-m      10^6 ltr
  **************************     ---------     ---------
  Dry Weather Inflow .......         0.000         0.000
  Wet Weather Inflow .......         0.000         0.000
  Groundwater Inflow .......         0.000         0.000
  RDII Inflow ..............         0.000         0.000
  External Inflow ..........         1.583        15.834
  External Outflow .........         1.580        15.798
  Flooding Loss ............         0.000         0.000
  Evaporation Loss .........         0.000         0.000
  Exfiltration Loss ........         0.000         0.000
  Initial Stored Volume ....         0.000         0.000
  Final Stored Volume ......         0.004         0.044
  Continuity Error (%) .....        -0.050
  
  
  ***************************
  Time-Step Critical Elements
  ***************************
  Link C27 (1.01%)
  
  
  ********************************
  Highest Flow Instability Indexes
  ********************************
  Link C19 (11)
  Link C24 (6)
  Link C20 (6)
  Link C23 (5)
  Link C18 (4)
  
  
  *********************************
  Most Frequent Nonconverging Nodes
  *********************************
  Node N20 (7.80%)
  Node N15 (3.21%)
  Node N18 (2.29%)
  Node N16 (2.02%)
  Node N13 (0.73%)
  
  
  *************************
  Routing Time Step Summary
  *************************
  Minimum Time Step           :     2.22 sec
  Average Time Step           :     9.91 sec
  Maximum Time Step           :    10.00 sec
  % of Time in Steady State   :     0.00
  Average Iterations per Step :     3.78
  % of Steps Not Converging   :     7.80
  Time Step Frequencies       :
     10.000 -  5.493 sec      :    99.27 %
      5.493 -  3.017 sec      :     0.55 %
      3.017 -  1.657 sec      :     0.18 %
      1.657 -  0.910 sec      :     0.00 %
      0.910 -  0.500 sec      :     0.00 %
  
  
  ******************
  Node Depth Summary
  ******************
  
  ---------------------------------------------------------------------------------
                                 Average  Maximum  Maximum  Time of Max    Reported
                                   Depth    Depth      HGL   Occurrence   Max Depth
  Node                 Type       Meters   Meters   Meters  days hr:min      Meters
  ---------------------------------------------------------------------------------
  N1                   JUNCTION     0.19     0.31    50.31     0  01:00        0.31
  N2                   JUNCTION     0.17     0.28    50.28     0  01:00        0.28
  N3                   JUNCTION     0.19     0.31    50.31     0  01:00        0.31
  N4                   JUNCTION     0.19     0.32    48.92     0  01:00        0.32
  N5                   JUNCTION     0.17     0.29    48.89     0  01:00        0.29
  N6                   JUNCTION     0.17     0.29    48.89     0  01:00        0.29
  N7                   JUNCTION     0.19     0.33    48.93     0  01:00        0.33
  N8                   JUNCTION     0.26     0.45    47.65     0  01:01        0.45
  N9                   JUNCTION     0.19     0.33    47.53     0  01:25        0.33
  N10                  JUNCTION     0.19     0.33    47.53     0  01:26        0.33
  N11                  JUNCTION     0.56     1.69    47.49     0  01:28        1.69
  N12                  JUNCTION     0.49     1.66    47.46     0  01:28        1.66
  N13                  JUNCTION     0.65     1.74    47.54     0  01:20        1.74
  N14                  JUNCTION     0.23     0.72    46.52     0  01:31        0.72
  N15                  JUNCTION     1.11     3.03    47.43     0  01:29        3.03
  N16                  JUNCTION     1.14     3.05    47.45     0  01:29        3.05
  N17                  JUNCTION     0.59     1.94    46.34     0  01:31        1.94
  N18                  JUNCTION     1.75     4.24    47.24     0  01:30        4.24
  N19                  JUNCTION     2.03     4.62    46.22     0  01:32        4.62
  N20                  OUTFALL      0.53     0.75    40.75     0  00:40        0.75
  
  
  *******************
  Node Inflow Summary
  *******************
  
  -------------------------------------------------------------------------------------------------
                                  Maximum  Maximum                  Lateral       Total        Flow
                                  Lateral    Total  Time of Max      Inflow      Inflow     Balance
                                   Inflow   Inflow   Occurrence      Volume      Volume       Error
  Node                 Type           CMS      CMS  days hr:min    10^6 ltr    10^6 ltr     Percent
  -------------------------------------------------------------------------------------------------
  N1                   JUNCTION     1.300    1.300     0  01:00        5.97        5.97       0.002
  N2                   JUNCTION     1.000    1.000     0  01:00        4.59        4.59       0.000
  N3                   JUNCTION     1.150    1.150     0  01:00        5.28        5.28      -0.001
  N4                   JUNCTION     0.000    0.735     0  01:00           0        3.35       0.014
  N5                   JUNCTION     0.000    1.119     0  01:00           0        5.15       0.024
  N6                   JUNCTION     0.000    1.073     0  01:00           0        4.92       0.021
  N7                   JUNCTION     0.000    0.519     0  01:00           0        2.41       0.028
  N8                   JUNCTION     0.000    1.267     0  01:00           0        5.82       0.049
  N9                   JUNCTION     0.000    1.072     0  01:00           0        4.94       0.027
  N10                  JUNCTION     0.000    1.100     0  01:00           0        5.07       0.031
  N11                  JUNCTION     0.000    1.275     0  01:01           0        5.82      -0.000
  N12                  JUNCTION     0.000    0.760     0  01:25           0        3.15      -0.003
  N13                  JUNCTION     0.000    1.084     0  01:01           0        4.48       0.067
  N14                  JUNCTION     0.000    0.515     0  01:26           0         2.4       0.038
  N15                  JUNCTION     0.000    1.701     0  01:05           0         7.8       0.060
  N16                  JUNCTION     0.000    1.165     0  00:56           0        5.65       0.041
  N17                  JUNCTION     0.000    0.500     0  01:30           0         2.4       0.031
  N18                  JUNCTION     0.000    2.544     0  00:56           0        13.4       0.025
  N19                  JUNCTION     0.000    2.645     0  01:24           0        15.8       0.077
  N20                  OUTFALL      0.000    2.603     0  01:32           0        15.8       0.000
  
  
  **********************
  Node Surcharge Summary
  **********************
  
  Surcharging occurs when water rises above the top of the highest conduit.
  ---------------------------------------------------------------------
                                               Max. Height   Min. Depth
                                   Hours       Above Crown    Below Rim
  Node                 Type      Surcharged         Meters       Meters
  ---------------------------------------------------------------------
  N11                  JUNCTION        0.62          0.474        0.509
  N12                  JUNCTION        0.64          0.514        0.536
  N13                  JUNCTION        0.86          0.720        0.463
  N15                  JUNCTION        1.11          1.818        0.000
  N16                  JUNCTION        1.19          1.964        0.000
  N17                  JUNCTION        0.94          1.126        0.258
  N18                  JUNCTION        1.43          3.152        0.000
  N19                  JUNCTION        1.54          3.667        0.000
  
  
  *********************
  Node Flooding Summary
  *********************
  
  Flooding refers to all water that overflows a node, whether it ponds or not.
  --------------------------------------------------------------------------
                                                             Total   Maximum
                                 Maximum   Time of Max       Flood    Ponded
                        Hours       Rate    Occurrence      Volume     Depth
  Node                 Flooded       CMS   days hr:min    10^6 ltr    Meters
  --------------------------------------------------------------------------
  N15                     0.84     0.256      0  01:05       0.155     0.834
  N16                     0.86     0.267      0  01:05       0.149     0.847
  N18                     1.21     0.530      0  00:56       0.361     2.035
  N19                     1.43     0.307      0  01:03       0.423     2.417
  
  
  ***********************
  Outfall Loading Summary
  ***********************
  
  -----------------------------------------------------------
                         Flow       Avg       Max       Total
                         Freq      Flow      Flow      Volume
  Outfall Node           Pcnt       CMS       CMS    10^6 ltr
  -----------------------------------------------------------
  N20                   97.52     1.506     2.603      15.797
  -----------------------------------------------------------
  System                97.52     1.506     2.603      15.797
  
  
  ********************
  Link Flow Summary
  ********************
  
  -----------------------------------------------------------------------------
                                 Maximum  Time of Max   Maximum    Max/    Max/
                                  |Flow|   Occurrence   |Veloc|    Full    Full
  Link                 Type          CMS  days hr:min     m/sec    Flow   Depth
  -----------------------------------------------------------------------------
  C1                   CONDUIT     0.735     0  01:00      2.92    0.12    0.23
  C2                   CONDUIT     0.564     0  01:00      2.92    0.23    0.32
  C3                   CONDUIT     0.555     0  01:00      2.67    0.12    0.23
  C4                   CONDUIT     0.443     0  01:00      2.62    0.22    0.32
  C5                   CONDUIT     0.630     0  01:00      3.03    0.18    0.28
  C6                   CONDUIT     0.519     0  01:00      2.71    0.31    0.39
  C7                   CONDUIT     0.733     0  01:00      2.26    0.13    0.30
  C8                   CONDUIT     0.534     0  01:00      1.99    0.18    0.37
  C9                   CONDUIT     0.583     0  01:00      2.77    0.14    0.26
  C10                  CONDUIT     0.489     0  01:01      2.65    0.20    0.31
  C11                  CONDUIT     0.582     0  01:01      2.61    0.12    0.25
  C12                  CONDUIT     0.519     0  01:00      2.87    0.39    0.43
  C13                  CONDUIT     1.275     0  01:01      3.59    0.36    0.70
  C14                  CONDUIT     0.760     0  01:25      3.21    0.18    0.65
  C15                  CONDUIT     0.468     0  01:01      1.88    0.28    0.70
  C16                  CONDUIT     0.616     0  01:01      1.99    0.21    0.66
  C17                  CONDUIT     0.515     0  01:26      2.75    0.39    0.69
  C18                  CONDUIT     1.235     0  01:00      2.83    0.26    1.00
  C19                  CONDUIT     0.520     0  01:03      1.03    0.21    1.00
  C20                  CONDUIT     0.388     0  01:28      0.97    0.11    1.00
  C21                  CONDUIT     1.087     0  01:02      2.86    0.66    1.00
  C22                  CONDUIT     0.500     0  01:30      3.01    0.38    0.98
  C23                  CONDUIT     1.561     0  01:00      2.26    0.44    1.00
  C24                  CONDUIT     1.164     0  00:56      2.32    0.57    1.00
  C25                  CONDUIT     0.500     0  01:30      1.47    0.21    1.00
  C26                  CONDUIT     2.209     0  01:19      3.12    0.89    1.00
  C27                  CONDUIT     2.603     0  01:32      5.89    1.85    1.00
  
  
  ***************************
  Flow Classification Summary
  ***************************
  
  -------------------------------------------------------------------------------------
                      Adjusted    ---------- Fraction of Time in Flow Class ---------- 
                       /Actual         Up    Down  Sub   Sup   Up    Down  Norm  Inlet 
  Conduit               Length    Dry  Dry   Dry   Crit  Crit  Crit  Crit  Ltd   Ctrl  
  -------------------------------------------------------------------------------------
  C1                      1.00   0.00  0.00  0.00  0.00  1.00  0.00  0.00  0.66  0.00
  C2                      1.00   0.00  0.00  0.00  0.00  1.00  0.00  0.00  0.06  0.00
  C3                      1.00   0.00  0.00  0.00  0.00  1.00  0.00  0.00  0.93  0.00
  C4                      1.00   0.00  0.00  0.00  0.00  1.00  0.00  0.00  0.76  0.00
  C5                      1.00   0.00  0.00  0.00  0.00  1.00  0.00  0.00  0.04  0.00
  C6                      1.00   0.00  0.00  0.00  0.00  1.00  0.00  0.00  0.90  0.00
  C7                      1.00   0.00  0.00  0.00  0.02  0.98  0.00  0.00  0.97  0.00
  C8                      1.00   0.00  0.00  0.00  0.03  0.97  0.00  0.00  0.97  0.00
  C9                      1.00   0.00  0.00  0.00  0.01  0.99  0.00  0.00  0.90  0.00
  C10                     1.00   0.00  0.00  0.00  0.01  0.99  0.00  0.00  0.94  0.00
  C11                     1.00   0.00  0.00  0.00  0.01  0.99  0.00  0.00  0.95  0.00
  C12                     1.00   0.00  0.00  0.00  0.01  0.99  0.00  0.00  0.29  0.00
  C13                     1.00   0.00  0.00  0.00  0.31  0.69  0.00  0.00  0.44  0.00
  C14                     1.00   0.00  0.00  0.00  0.34  0.66  0.00  0.00  0.35  0.00
  C15                     1.00   0.00  0.00  0.00  0.40  0.60  0.00  0.00  0.77  0.00
  C16                     1.00   0.00  0.00  0.00  0.39  0.61  0.00  0.00  0.82  0.00
  C17                     1.00   0.00  0.00  0.00  0.10  0.90  0.00  0.00  0.85  0.00
  C18                     1.00   0.00  0.00  0.00  0.44  0.56  0.00  0.00  0.61  0.00
  C19                     1.00   0.00  0.00  0.00  0.98  0.02  0.00  0.00  0.62  0.00
  C20                     1.00   0.00  0.00  0.00  0.97  0.02  0.00  0.00  0.60  0.00
  C21                     1.00   0.00  0.00  0.00  0.46  0.54  0.00  0.00  0.55  0.00
  C22                     1.00   0.00  0.00  0.00  0.38  0.62  0.00  0.00  0.22  0.00
  C23                     1.00   0.00  0.00  0.00  0.52  0.47  0.00  0.00  0.49  0.00
  C24                     1.00   0.00  0.00  0.00  0.52  0.47  0.00  0.00  0.48  0.00
  C25                     1.00   0.01  0.00  0.00  0.95  0.04  0.00  0.00  0.58  0.00
  C26                     1.00   0.01  0.00  0.00  0.55  0.45  0.00  0.00  0.42  0.00
  C27                     1.00   0.01  0.00  0.00  0.54  0.45  0.00  0.00  0.26  0.00
  
  
  *************************
  Conduit Surcharge Summary
  *************************
  
  ----------------------------------------------------------------------------
                                                           Hours        Hours 
                         --------- Hours Full --------   Above Full   Capacity
  Conduit                Both Ends  Upstream  Dnstream   Normal Flow   Limited
  ----------------------------------------------------------------------------
  C13                         0.01      0.01      0.69      0.01         0.01
  C14                         0.01      0.01      0.64      0.01         0.01
  C15                         0.01      0.01      0.93      0.01         0.01
  C16                         0.01      0.01      0.86      0.01         0.01
  C18                         0.61      0.61      1.11      0.01         0.01
  C19                         0.77      0.77      1.18      0.01         0.01
  C20                         0.69      0.69      1.19      0.01         0.01
  C21                         0.93      0.93      1.26      0.01         0.01
  C22                         0.01      0.01      0.97      0.01         0.01
  C23                         1.15      1.15      1.43      0.01         0.01
  C24                         1.25      1.25      1.45      0.01         0.01
  C25                         0.94      0.94      1.56      0.01         0.01
  C26                         1.45      1.45      1.54      0.01         0.01
  C27                         1.53      1.57      1.53      1.62         1.53
  

  Analysis begun on:  Sat Sep  5 19:29:32 2026
  Analysis ended on:  Sat Sep  5 19:29:32 2026
  Total elapsed time: < 1 sec